g++ -c -pipe -O2 -w -fPIC -DQT_NO_DEBUG -DQT_WIDGETS_LIB -DQT_GUI_LIB -DQT_NETWORK_LIB -DQT_XML_LIB -DQT_SQL_LIB -DQT_CORE_LIB -I. -I../build -I/packages/phonon-4.10.1-1/.self/develop/headers/phonon4qt5 -I/packages/qt5-5.11.1-1/.self/develop/headers -I/packages/qt5-5.11.1-1/.self/develop/headers/QtWidgets -I/packages/qt5-5.11.1-1/.self/develop/headers/QtGui -I/packages/qt5-5.11.1-1/.self/develop/headers/QtNetwork -I/packages/qt5-5.11.1-1/.self/develop/headers/QtXml -I/packages/qt5-5.11.1-1/.self/develop/headers/QtSql -I/packages/qt5-5.11.1-1/.self/develop/headers/QtCore -I../build -I/packages/mesa-17.1.7-8/.self/develop/headers -I../build -I/packages/qt5-5.11.1-1/.self/data/Qt5/mkspecs/haiku-g++ -o ../build/anvar.o anvar.cpp
Makefile:8828: recipe for target '../build/anvar.o' failed
